------------------------------------------------------------
Timing Analyzer Summary
------------------------------------------------------------

Type  : Slow 1200mV 85C Model Setup 'lm75:inst7|I2C_READ:I2C_READ|data_r[10]'
Slack : -16.574
TNS   : -113.916

Type  : Slow 1200mV 85C Model Setup 'clock_50Mhz'
Slack : -6.922
TNS   : -594.249

Type  : Slow 1200mV 85C Model Setup 'segments_controller:inst|refresh_clock_10kHz:inst|clock'
Slack : -0.757
TNS   : -1.319

Type  : Slow 1200mV 85C Model Setup 'lcd:inst8|E'
Slack : -0.431
TNS   : -7.513

Type  : Slow 1200mV 85C Model Hold 'clock_50Mhz'
Slack : 0.434
TNS   : 0.000

Type  : Slow 1200mV 85C Model Hold 'lcd:inst8|E'
Slack : 0.483
TNS   : 0.000

Type  : Slow 1200mV 85C Model Hold 'segments_controller:inst|refresh_clock_10kHz:inst|clock'
Slack : 0.991
TNS   : 0.000

Type  : Slow 1200mV 85C Model Hold 'lm75:inst7|I2C_READ:I2C_READ|data_r[10]'
Slack : 1.177
TNS   : 0.000

Type  : Slow 1200mV 85C Model Minimum Pulse Width 'lm75:inst7|I2C_READ:I2C_READ|data_r[10]'
Slack : -3.242
TNS   : -411.048

Type  : Slow 1200mV 85C Model Minimum Pulse Width 'clock_50Mhz'
Slack : -3.000
TNS   : -205.232

Type  : Slow 1200mV 85C Model Minimum Pulse Width 'lcd:inst8|E'
Slack : -1.487
TNS   : -71.376

Type  : Slow 1200mV 85C Model Minimum Pulse Width 'segments_controller:inst|refresh_clock_10kHz:inst|clock'
Slack : -1.487
TNS   : -2.974

Type  : Slow 1200mV 0C Model Setup 'lm75:inst7|I2C_READ:I2C_READ|data_r[10]'
Slack : -15.739
TNS   : -108.119

Type  : Slow 1200mV 0C Model Setup 'clock_50Mhz'
Slack : -6.345
TNS   : -546.241

Type  : Slow 1200mV 0C Model Setup 'segments_controller:inst|refresh_clock_10kHz:inst|clock'
Slack : -0.607
TNS   : -1.041

Type  : Slow 1200mV 0C Model Setup 'lcd:inst8|E'
Slack : -0.320
TNS   : -4.637

Type  : Slow 1200mV 0C Model Hold 'clock_50Mhz'
Slack : 0.383
TNS   : 0.000

Type  : Slow 1200mV 0C Model Hold 'lcd:inst8|E'
Slack : 0.447
TNS   : 0.000

Type  : Slow 1200mV 0C Model Hold 'segments_controller:inst|refresh_clock_10kHz:inst|clock'
Slack : 0.909
TNS   : 0.000

Type  : Slow 1200mV 0C Model Hold 'lm75:inst7|I2C_READ:I2C_READ|data_r[10]'
Slack : 1.131
TNS   : 0.000

Type  : Slow 1200mV 0C Model Minimum Pulse Width 'lm75:inst7|I2C_READ:I2C_READ|data_r[10]'
Slack : -3.023
TNS   : -360.491

Type  : Slow 1200mV 0C Model Minimum Pulse Width 'clock_50Mhz'
Slack : -3.000
TNS   : -205.232

Type  : Slow 1200mV 0C Model Minimum Pulse Width 'lcd:inst8|E'
Slack : -1.487
TNS   : -71.376

Type  : Slow 1200mV 0C Model Minimum Pulse Width 'segments_controller:inst|refresh_clock_10kHz:inst|clock'
Slack : -1.487
TNS   : -2.974

Type  : Fast 1200mV 0C Model Setup 'lm75:inst7|I2C_READ:I2C_READ|data_r[10]'
Slack : -7.303
TNS   : -50.552

Type  : Fast 1200mV 0C Model Setup 'clock_50Mhz'
Slack : -2.462
TNS   : -182.957

Type  : Fast 1200mV 0C Model Setup 'segments_controller:inst|refresh_clock_10kHz:inst|clock'
Slack : 0.288
TNS   : 0.000

Type  : Fast 1200mV 0C Model Setup 'lcd:inst8|E'
Slack : 0.385
TNS   : 0.000

Type  : Fast 1200mV 0C Model Hold 'clock_50Mhz'
Slack : 0.093
TNS   : 0.000

Type  : Fast 1200mV 0C Model Hold 'lcd:inst8|E'
Slack : 0.192
TNS   : 0.000

Type  : Fast 1200mV 0C Model Hold 'segments_controller:inst|refresh_clock_10kHz:inst|clock'
Slack : 0.388
TNS   : 0.000

Type  : Fast 1200mV 0C Model Hold 'lm75:inst7|I2C_READ:I2C_READ|data_r[10]'
Slack : 0.534
TNS   : 0.000

Type  : Fast 1200mV 0C Model Minimum Pulse Width 'clock_50Mhz'
Slack : -3.000
TNS   : -147.626

Type  : Fast 1200mV 0C Model Minimum Pulse Width 'lm75:inst7|I2C_READ:I2C_READ|data_r[10]'
Slack : -1.182
TNS   : -113.418

Type  : Fast 1200mV 0C Model Minimum Pulse Width 'lcd:inst8|E'
Slack : -1.000
TNS   : -48.000

Type  : Fast 1200mV 0C Model Minimum Pulse Width 'segments_controller:inst|refresh_clock_10kHz:inst|clock'
Slack : -1.000
TNS   : -2.000

------------------------------------------------------------
